// Jest Snapshot v1, https://goo.gl/fbAQLP

exports[`CartPopup component should rener component 1`] = `
ShallowWrapper {
  Symbol(enzyme.__root__): [Circular],
  Symbol(enzyme.__unrendered__): <cartPopup
    cartDetails={
      Array [
        Object {
          "brand": "Kiriko",
          "description": "Lorem ipsum dolor sit amet, consectetur adipiscing elit. Aliquam at purus pulvinar, placerat turpis ac, interdum metus. In eget massa sed enim hendrerit auctor a eget.",
          "image": "blue.jpg",
          "price": 40,
          "title": "Blue Stripe Stoneware Plate",
        },
      ]
    }
  />,
  Symbol(enzyme.__renderer__): Object {
    "batchedUpdates": [Function],
    "checkPropTypes": [Function],
    "getNode": [Function],
    "render": [Function],
    "simulateError": [Function],
    "simulateEvent": [Function],
    "unmount": [Function],
  },
  Symbol(enzyme.__node__): Object {
    "instance": null,
    "key": undefined,
    "nodeType": "function",
    "props": Object {
      "children": Array [
        Array [
          <ForwardRef>
            <ForwardRef(Bootstrap(Col))
              md={11}
            >
              <ForwardRef(Bootstrap(Row))>
                <ForwardRef(Bootstrap(Col))
                  md={3}
                >
                  <ForwardRef
                    alt="product"
                    src="blue.jpg"
                  />
                </ForwardRef(Bootstrap(Col))>
                <ForwardRef(Bootstrap(Col))
                  md={7}
                >
                  <ForwardRef>
                    Blue Stripe Stoneware Plate
                  </ForwardRef>
                  <ForwardRef>
                    X 
                  </ForwardRef>
                  <ForwardRef>
                    Kiriko
                  </ForwardRef>
                  <ForwardRef>
                    $NaN
                  </ForwardRef>
                </ForwardRef(Bootstrap(Col))>
                <ForwardRef(Bootstrap(Col))
                  md={1}
                >
                  <ForwardRef
                    onClick={[Function]}
                  >
                    X
                  </ForwardRef>
                </ForwardRef(Bootstrap(Col))>
              </ForwardRef(Bootstrap(Row))>
            </ForwardRef(Bootstrap(Col))>
          </ForwardRef>,
        ],
        <ForwardRef(Bootstrap(Row))
          style={
            Object {
              "padding": "4%",
            }
          }
        >
          <ForwardRef(Bootstrap(Col))
            md={6}
          >
            TOTAL
          </ForwardRef(Bootstrap(Col))>
          <ForwardRef(Bootstrap(Col))
            md={6}
            style={
              Object {
                "textAlign": "right",
              }
            }
          >
            $NaN
          </ForwardRef(Bootstrap(Col))>
          <ForwardRef(Bootstrap(Col))
            md={6}
          >
            <ForwardRef
              type="view"
            >
              VIEW CART
            </ForwardRef>
          </ForwardRef(Bootstrap(Col))>
          <ForwardRef(Bootstrap(Col))
            md={6}
          >
            <ForwardRef
              type="checkout"
            >
              CHECKOUT
            </ForwardRef>
          </ForwardRef(Bootstrap(Col))>
        </ForwardRef(Bootstrap(Row))>,
      ],
    },
    "ref": null,
    "rendered": Array [
      Object {
        "instance": null,
        "key": "Blue Stripe Stoneware Plate",
        "nodeType": "function",
        "props": Object {
          "children": <ForwardRef(Bootstrap(Col))
            md={11}
          >
            <ForwardRef(Bootstrap(Row))>
              <ForwardRef(Bootstrap(Col))
                md={3}
              >
                <ForwardRef
                  alt="product"
                  src="blue.jpg"
                />
              </ForwardRef(Bootstrap(Col))>
              <ForwardRef(Bootstrap(Col))
                md={7}
              >
                <ForwardRef>
                  Blue Stripe Stoneware Plate
                </ForwardRef>
                <ForwardRef>
                  X 
                </ForwardRef>
                <ForwardRef>
                  Kiriko
                </ForwardRef>
                <ForwardRef>
                  $NaN
                </ForwardRef>
              </ForwardRef(Bootstrap(Col))>
              <ForwardRef(Bootstrap(Col))
                md={1}
              >
                <ForwardRef
                  onClick={[Function]}
                >
                  X
                </ForwardRef>
              </ForwardRef(Bootstrap(Col))>
            </ForwardRef(Bootstrap(Row))>
          </ForwardRef(Bootstrap(Col))>,
        },
        "ref": null,
        "rendered": Object {
          "instance": null,
          "key": undefined,
          "nodeType": "function",
          "props": Object {
            "children": <ForwardRef(Bootstrap(Row))>
              <ForwardRef(Bootstrap(Col))
                md={3}
              >
                <ForwardRef
                  alt="product"
                  src="blue.jpg"
                />
              </ForwardRef(Bootstrap(Col))>
              <ForwardRef(Bootstrap(Col))
                md={7}
              >
                <ForwardRef>
                  Blue Stripe Stoneware Plate
                </ForwardRef>
                <ForwardRef>
                  X 
                </ForwardRef>
                <ForwardRef>
                  Kiriko
                </ForwardRef>
                <ForwardRef>
                  $NaN
                </ForwardRef>
              </ForwardRef(Bootstrap(Col))>
              <ForwardRef(Bootstrap(Col))
                md={1}
              >
                <ForwardRef
                  onClick={[Function]}
                >
                  X
                </ForwardRef>
              </ForwardRef(Bootstrap(Col))>
            </ForwardRef(Bootstrap(Row))>,
            "md": 11,
          },
          "ref": null,
          "rendered": Object {
            "instance": null,
            "key": undefined,
            "nodeType": "function",
            "props": Object {
              "children": Array [
                <ForwardRef(Bootstrap(Col))
                  md={3}
                >
                  <ForwardRef
                    alt="product"
                    src="blue.jpg"
                  />
                </ForwardRef(Bootstrap(Col))>,
                <ForwardRef(Bootstrap(Col))
                  md={7}
                >
                  <ForwardRef>
                    Blue Stripe Stoneware Plate
                  </ForwardRef>
                  <ForwardRef>
                    X 
                  </ForwardRef>
                  <ForwardRef>
                    Kiriko
                  </ForwardRef>
                  <ForwardRef>
                    $NaN
                  </ForwardRef>
                </ForwardRef(Bootstrap(Col))>,
                <ForwardRef(Bootstrap(Col))
                  md={1}
                >
                  <ForwardRef
                    onClick={[Function]}
                  >
                    X
                  </ForwardRef>
                </ForwardRef(Bootstrap(Col))>,
              ],
            },
            "ref": null,
            "rendered": Array [
              Object {
                "instance": null,
                "key": undefined,
                "nodeType": "function",
                "props": Object {
                  "children": <ForwardRef
                    alt="product"
                    src="blue.jpg"
                  />,
                  "md": 3,
                },
                "ref": null,
                "rendered": Object {
                  "instance": null,
                  "key": undefined,
                  "nodeType": "function",
                  "props": Object {
                    "alt": "product",
                    "src": "blue.jpg",
                  },
                  "ref": null,
                  "rendered": null,
                  "type": Object {
                    "$$typeof": Symbol(react.forward_ref),
                    "attrs": Array [],
                    "componentStyle": ComponentStyle {
                      "componentId": "sc-bwzfXH",
                      "isStatic": true,
                      "rules": Array [
                        "
  height: 15vh;
",
                      ],
                    },
                    "defaultProps": undefined,
                    "displayName": "Styled(Component)",
                    "foldedComponentIds": Array [],
                    "propTypes": undefined,
                    "render": [Function],
                    "styledComponentId": "sc-bwzfXH",
                    "target": Object {
                      "$$typeof": Symbol(react.forward_ref),
                      "defaultProps": undefined,
                      "propTypes": undefined,
                      "render": [Function],
                    },
                    "toString": [Function],
                    "warnTooManyClasses": [Function],
                    "withComponent": [Function],
                  },
                },
                "type": Object {
                  "$$typeof": Symbol(react.forward_ref),
                  "defaultProps": undefined,
                  "propTypes": undefined,
                  "render": [Function],
                },
              },
              Object {
                "instance": null,
                "key": undefined,
                "nodeType": "function",
                "props": Object {
                  "children": Array [
                    <ForwardRef>
                      Blue Stripe Stoneware Plate
                    </ForwardRef>,
                    <ForwardRef>
                      X 
                    </ForwardRef>,
                    <ForwardRef>
                      Kiriko
                    </ForwardRef>,
                    <ForwardRef>
                      $NaN
                    </ForwardRef>,
                  ],
                  "md": 7,
                },
                "ref": null,
                "rendered": Array [
                  Object {
                    "instance": null,
                    "key": undefined,
                    "nodeType": "function",
                    "props": Object {
                      "children": "Blue Stripe Stoneware Plate",
                    },
                    "ref": null,
                    "rendered": "Blue Stripe Stoneware Plate",
                    "type": Object {
                      "$$typeof": Symbol(react.forward_ref),
                      "attrs": Array [],
                      "componentStyle": ComponentStyle {
                        "componentId": "sc-EHOje",
                        "isStatic": true,
                        "rules": Array [
                          "
  font-size: large;
",
                        ],
                      },
                      "defaultProps": undefined,
                      "displayName": "Styled(Component)",
                      "foldedComponentIds": Array [],
                      "propTypes": undefined,
                      "render": [Function],
                      "styledComponentId": "sc-EHOje",
                      "target": Object {
                        "$$typeof": Symbol(react.forward_ref),
                        "defaultProps": undefined,
                        "propTypes": undefined,
                        "render": [Function],
                      },
                      "toString": [Function],
                      "warnTooManyClasses": [Function],
                      "withComponent": [Function],
                    },
                  },
                  Object {
                    "instance": null,
                    "key": undefined,
                    "nodeType": "function",
                    "props": Object {
                      "children": Array [
                        "X ",
                        undefined,
                      ],
                    },
                    "ref": null,
                    "rendered": Array [
                      "X ",
                      undefined,
                    ],
                    "type": Object {
                      "$$typeof": Symbol(react.forward_ref),
                      "attrs": Array [],
                      "componentStyle": ComponentStyle {
                        "componentId": "sc-EHOje",
                        "isStatic": true,
                        "rules": Array [
                          "
  font-size: large;
",
                        ],
                      },
                      "defaultProps": undefined,
                      "displayName": "Styled(Component)",
                      "foldedComponentIds": Array [],
                      "propTypes": undefined,
                      "render": [Function],
                      "styledComponentId": "sc-EHOje",
                      "target": Object {
                        "$$typeof": Symbol(react.forward_ref),
                        "defaultProps": undefined,
                        "propTypes": undefined,
                        "render": [Function],
                      },
                      "toString": [Function],
                      "warnTooManyClasses": [Function],
                      "withComponent": [Function],
                    },
                  },
                  Object {
                    "instance": null,
                    "key": undefined,
                    "nodeType": "function",
                    "props": Object {
                      "children": "Kiriko",
                    },
                    "ref": null,
                    "rendered": "Kiriko",
                    "type": Object {
                      "$$typeof": Symbol(react.forward_ref),
                      "attrs": Array [],
                      "componentStyle": ComponentStyle {
                        "componentId": "sc-EHOje",
                        "isStatic": true,
                        "rules": Array [
                          "
  font-size: large;
",
                        ],
                      },
                      "defaultProps": undefined,
                      "displayName": "Styled(Component)",
                      "foldedComponentIds": Array [],
                      "propTypes": undefined,
                      "render": [Function],
                      "styledComponentId": "sc-EHOje",
                      "target": Object {
                        "$$typeof": Symbol(react.forward_ref),
                        "defaultProps": undefined,
                        "propTypes": undefined,
                        "render": [Function],
                      },
                      "toString": [Function],
                      "warnTooManyClasses": [Function],
                      "withComponent": [Function],
                    },
                  },
                  Object {
                    "instance": null,
                    "key": undefined,
                    "nodeType": "function",
                    "props": Object {
                      "children": "$NaN",
                    },
                    "ref": null,
                    "rendered": "$NaN",
                    "type": Object {
                      "$$typeof": Symbol(react.forward_ref),
                      "attrs": Array [],
                      "componentStyle": ComponentStyle {
                        "componentId": "sc-EHOje",
                        "isStatic": true,
                        "rules": Array [
                          "
  font-size: large;
",
                        ],
                      },
                      "defaultProps": undefined,
                      "displayName": "Styled(Component)",
                      "foldedComponentIds": Array [],
                      "propTypes": undefined,
                      "render": [Function],
                      "styledComponentId": "sc-EHOje",
                      "target": Object {
                        "$$typeof": Symbol(react.forward_ref),
                        "defaultProps": undefined,
                        "propTypes": undefined,
                        "render": [Function],
                      },
                      "toString": [Function],
                      "warnTooManyClasses": [Function],
                      "withComponent": [Function],
                    },
                  },
                ],
                "type": Object {
                  "$$typeof": Symbol(react.forward_ref),
                  "defaultProps": undefined,
                  "propTypes": undefined,
                  "render": [Function],
                },
              },
              Object {
                "instance": null,
                "key": undefined,
                "nodeType": "function",
                "props": Object {
                  "children": <ForwardRef
                    onClick={[Function]}
                  >
                    X
                  </ForwardRef>,
                  "md": 1,
                },
                "ref": null,
                "rendered": Object {
                  "instance": null,
                  "key": undefined,
                  "nodeType": "function",
                  "props": Object {
                    "children": "X",
                    "onClick": [Function],
                  },
                  "ref": null,
                  "rendered": "X",
                  "type": Object {
                    "$$typeof": Symbol(react.forward_ref),
                    "attrs": Array [],
                    "componentStyle": ComponentStyle {
                      "componentId": "sc-bxivhb",
                      "isStatic": true,
                      "rules": Array [
                        "
  display: block;
  background-color: #eeeeee;
  color: #8b8b8b;
  margin: 3px;
  border: none;
  font-weight: bold;
  width: 30px;
  cursor: pointer;
",
                      ],
                    },
                    "displayName": "styled.button",
                    "foldedComponentIds": Array [],
                    "render": [Function],
                    "styledComponentId": "sc-bxivhb",
                    "target": "button",
                    "toString": [Function],
                    "warnTooManyClasses": [Function],
                    "withComponent": [Function],
                  },
                },
                "type": Object {
                  "$$typeof": Symbol(react.forward_ref),
                  "defaultProps": undefined,
                  "propTypes": undefined,
                  "render": [Function],
                },
              },
            ],
            "type": Object {
              "$$typeof": Symbol(react.forward_ref),
              "defaultProps": undefined,
              "propTypes": undefined,
              "render": [Function],
            },
          },
          "type": Object {
            "$$typeof": Symbol(react.forward_ref),
            "defaultProps": undefined,
            "propTypes": undefined,
            "render": [Function],
          },
        },
        "type": Object {
          "$$typeof": Symbol(react.forward_ref),
          "attrs": Array [],
          "componentStyle": ComponentStyle {
            "componentId": "sc-bdVaJa",
            "isStatic": true,
            "rules": Array [
              "
  justify-content: center;
  margin-top: 10px;
  min-width: 30rem;
  border-bottom: 1px solid #eeeeee;
",
            ],
          },
          "defaultProps": undefined,
          "displayName": "Styled(Component)",
          "foldedComponentIds": Array [],
          "propTypes": undefined,
          "render": [Function],
          "styledComponentId": "sc-bdVaJa",
          "target": Object {
            "$$typeof": Symbol(react.forward_ref),
            "defaultProps": undefined,
            "propTypes": undefined,
            "render": [Function],
          },
          "toString": [Function],
          "warnTooManyClasses": [Function],
          "withComponent": [Function],
        },
      },
      Object {
        "instance": null,
        "key": undefined,
        "nodeType": "function",
        "props": Object {
          "children": Array [
            <ForwardRef(Bootstrap(Col))
              md={6}
            >
              TOTAL
            </ForwardRef(Bootstrap(Col))>,
            <ForwardRef(Bootstrap(Col))
              md={6}
              style={
                Object {
                  "textAlign": "right",
                }
              }
            >
              $NaN
            </ForwardRef(Bootstrap(Col))>,
            <ForwardRef(Bootstrap(Col))
              md={6}
            >
              <ForwardRef
                type="view"
              >
                VIEW CART
              </ForwardRef>
            </ForwardRef(Bootstrap(Col))>,
            <ForwardRef(Bootstrap(Col))
              md={6}
            >
              <ForwardRef
                type="checkout"
              >
                CHECKOUT
              </ForwardRef>
            </ForwardRef(Bootstrap(Col))>,
          ],
          "style": Object {
            "padding": "4%",
          },
        },
        "ref": null,
        "rendered": Array [
          Object {
            "instance": null,
            "key": undefined,
            "nodeType": "function",
            "props": Object {
              "children": "TOTAL",
              "md": 6,
            },
            "ref": null,
            "rendered": "TOTAL",
            "type": Object {
              "$$typeof": Symbol(react.forward_ref),
              "defaultProps": undefined,
              "propTypes": undefined,
              "render": [Function],
            },
          },
          Object {
            "instance": null,
            "key": undefined,
            "nodeType": "function",
            "props": Object {
              "children": "$NaN",
              "md": 6,
              "style": Object {
                "textAlign": "right",
              },
            },
            "ref": null,
            "rendered": "$NaN",
            "type": Object {
              "$$typeof": Symbol(react.forward_ref),
              "defaultProps": undefined,
              "propTypes": undefined,
              "render": [Function],
            },
          },
          Object {
            "instance": null,
            "key": undefined,
            "nodeType": "function",
            "props": Object {
              "children": <ForwardRef
                type="view"
              >
                VIEW CART
              </ForwardRef>,
              "md": 6,
            },
            "ref": null,
            "rendered": Object {
              "instance": null,
              "key": undefined,
              "nodeType": "function",
              "props": Object {
                "children": "VIEW CART",
                "onClick": undefined,
                "type": "view",
              },
              "ref": null,
              "rendered": "VIEW CART",
              "type": Object {
                "$$typeof": Symbol(react.forward_ref),
                "attrs": Array [],
                "componentStyle": ComponentStyle {
                  "componentId": "sc-ifAKCX",
                  "isStatic": false,
                  "rules": Array [
                    "
  color: ",
                    [Function],
                    ";
  background-color: ",
                    [Function],
                    ";
  padding: 10px;
  font-weight: 500;
  margin: 5px;
  cursor: pointer;
  border: 1px solid;
  width: 100%;
",
                  ],
                },
                "displayName": "styled.button",
                "foldedComponentIds": Array [],
                "render": [Function],
                "styledComponentId": "sc-ifAKCX",
                "target": "button",
                "toString": [Function],
                "warnTooManyClasses": [Function],
                "withComponent": [Function],
              },
            },
            "type": Object {
              "$$typeof": Symbol(react.forward_ref),
              "defaultProps": undefined,
              "propTypes": undefined,
              "render": [Function],
            },
          },
          Object {
            "instance": null,
            "key": undefined,
            "nodeType": "function",
            "props": Object {
              "children": <ForwardRef
                type="checkout"
              >
                CHECKOUT
              </ForwardRef>,
              "md": 6,
            },
            "ref": null,
            "rendered": Object {
              "instance": null,
              "key": undefined,
              "nodeType": "function",
              "props": Object {
                "children": "CHECKOUT",
                "type": "checkout",
              },
              "ref": null,
              "rendered": "CHECKOUT",
              "type": Object {
                "$$typeof": Symbol(react.forward_ref),
                "attrs": Array [],
                "componentStyle": ComponentStyle {
                  "componentId": "sc-ifAKCX",
                  "isStatic": false,
                  "rules": Array [
                    "
  color: ",
                    [Function],
                    ";
  background-color: ",
                    [Function],
                    ";
  padding: 10px;
  font-weight: 500;
  margin: 5px;
  cursor: pointer;
  border: 1px solid;
  width: 100%;
",
                  ],
                },
                "displayName": "styled.button",
                "foldedComponentIds": Array [],
                "render": [Function],
                "styledComponentId": "sc-ifAKCX",
                "target": "button",
                "toString": [Function],
                "warnTooManyClasses": [Function],
                "withComponent": [Function],
              },
            },
            "type": Object {
              "$$typeof": Symbol(react.forward_ref),
              "defaultProps": undefined,
              "propTypes": undefined,
              "render": [Function],
            },
          },
        ],
        "type": Object {
          "$$typeof": Symbol(react.forward_ref),
          "defaultProps": undefined,
          "propTypes": undefined,
          "render": [Function],
        },
      },
    ],
    "type": Object {
      "$$typeof": Symbol(react.forward_ref),
      "attrs": Array [],
      "componentStyle": ComponentStyle {
        "componentId": "sc-htpNat",
        "isStatic": true,
        "rules": Array [
          "
  height: 300px;
  overflow-y: scroll;
  overflow-x: hidden;
",
        ],
      },
      "displayName": "styled.div",
      "foldedComponentIds": Array [],
      "render": [Function],
      "styledComponentId": "sc-htpNat",
      "target": "div",
      "toString": [Function],
      "warnTooManyClasses": [Function],
      "withComponent": [Function],
    },
  },
  Symbol(enzyme.__nodes__): Array [
    Object {
      "instance": null,
      "key": undefined,
      "nodeType": "function",
      "props": Object {
        "children": Array [
          Array [
            <ForwardRef>
              <ForwardRef(Bootstrap(Col))
                md={11}
              >
                <ForwardRef(Bootstrap(Row))>
                  <ForwardRef(Bootstrap(Col))
                    md={3}
                  >
                    <ForwardRef
                      alt="product"
                      src="blue.jpg"
                    />
                  </ForwardRef(Bootstrap(Col))>
                  <ForwardRef(Bootstrap(Col))
                    md={7}
                  >
                    <ForwardRef>
                      Blue Stripe Stoneware Plate
                    </ForwardRef>
                    <ForwardRef>
                      X 
                    </ForwardRef>
                    <ForwardRef>
                      Kiriko
                    </ForwardRef>
                    <ForwardRef>
                      $NaN
                    </ForwardRef>
                  </ForwardRef(Bootstrap(Col))>
                  <ForwardRef(Bootstrap(Col))
                    md={1}
                  >
                    <ForwardRef
                      onClick={[Function]}
                    >
                      X
                    </ForwardRef>
                  </ForwardRef(Bootstrap(Col))>
                </ForwardRef(Bootstrap(Row))>
              </ForwardRef(Bootstrap(Col))>
            </ForwardRef>,
          ],
          <ForwardRef(Bootstrap(Row))
            style={
              Object {
                "padding": "4%",
              }
            }
          >
            <ForwardRef(Bootstrap(Col))
              md={6}
            >
              TOTAL
            </ForwardRef(Bootstrap(Col))>
            <ForwardRef(Bootstrap(Col))
              md={6}
              style={
                Object {
                  "textAlign": "right",
                }
              }
            >
              $NaN
            </ForwardRef(Bootstrap(Col))>
            <ForwardRef(Bootstrap(Col))
              md={6}
            >
              <ForwardRef
                type="view"
              >
                VIEW CART
              </ForwardRef>
            </ForwardRef(Bootstrap(Col))>
            <ForwardRef(Bootstrap(Col))
              md={6}
            >
              <ForwardRef
                type="checkout"
              >
                CHECKOUT
              </ForwardRef>
            </ForwardRef(Bootstrap(Col))>
          </ForwardRef(Bootstrap(Row))>,
        ],
      },
      "ref": null,
      "rendered": Array [
        Object {
          "instance": null,
          "key": "Blue Stripe Stoneware Plate",
          "nodeType": "function",
          "props": Object {
            "children": <ForwardRef(Bootstrap(Col))
              md={11}
            >
              <ForwardRef(Bootstrap(Row))>
                <ForwardRef(Bootstrap(Col))
                  md={3}
                >
                  <ForwardRef
                    alt="product"
                    src="blue.jpg"
                  />
                </ForwardRef(Bootstrap(Col))>
                <ForwardRef(Bootstrap(Col))
                  md={7}
                >
                  <ForwardRef>
                    Blue Stripe Stoneware Plate
                  </ForwardRef>
                  <ForwardRef>
                    X 
                  </ForwardRef>
                  <ForwardRef>
                    Kiriko
                  </ForwardRef>
                  <ForwardRef>
                    $NaN
                  </ForwardRef>
                </ForwardRef(Bootstrap(Col))>
                <ForwardRef(Bootstrap(Col))
                  md={1}
                >
                  <ForwardRef
                    onClick={[Function]}
                  >
                    X
                  </ForwardRef>
                </ForwardRef(Bootstrap(Col))>
              </ForwardRef(Bootstrap(Row))>
            </ForwardRef(Bootstrap(Col))>,
          },
          "ref": null,
          "rendered": Object {
            "instance": null,
            "key": undefined,
            "nodeType": "function",
            "props": Object {
              "children": <ForwardRef(Bootstrap(Row))>
                <ForwardRef(Bootstrap(Col))
                  md={3}
                >
                  <ForwardRef
                    alt="product"
                    src="blue.jpg"
                  />
                </ForwardRef(Bootstrap(Col))>
                <ForwardRef(Bootstrap(Col))
                  md={7}
                >
                  <ForwardRef>
                    Blue Stripe Stoneware Plate
                  </ForwardRef>
                  <ForwardRef>
                    X 
                  </ForwardRef>
                  <ForwardRef>
                    Kiriko
                  </ForwardRef>
                  <ForwardRef>
                    $NaN
                  </ForwardRef>
                </ForwardRef(Bootstrap(Col))>
                <ForwardRef(Bootstrap(Col))
                  md={1}
                >
                  <ForwardRef
                    onClick={[Function]}
                  >
                    X
                  </ForwardRef>
                </ForwardRef(Bootstrap(Col))>
              </ForwardRef(Bootstrap(Row))>,
              "md": 11,
            },
            "ref": null,
            "rendered": Object {
              "instance": null,
              "key": undefined,
              "nodeType": "function",
              "props": Object {
                "children": Array [
                  <ForwardRef(Bootstrap(Col))
                    md={3}
                  >
                    <ForwardRef
                      alt="product"
                      src="blue.jpg"
                    />
                  </ForwardRef(Bootstrap(Col))>,
                  <ForwardRef(Bootstrap(Col))
                    md={7}
                  >
                    <ForwardRef>
                      Blue Stripe Stoneware Plate
                    </ForwardRef>
                    <ForwardRef>
                      X 
                    </ForwardRef>
                    <ForwardRef>
                      Kiriko
                    </ForwardRef>
                    <ForwardRef>
                      $NaN
                    </ForwardRef>
                  </ForwardRef(Bootstrap(Col))>,
                  <ForwardRef(Bootstrap(Col))
                    md={1}
                  >
                    <ForwardRef
                      onClick={[Function]}
                    >
                      X
                    </ForwardRef>
                  </ForwardRef(Bootstrap(Col))>,
                ],
              },
              "ref": null,
              "rendered": Array [
                Object {
                  "instance": null,
                  "key": undefined,
                  "nodeType": "function",
                  "props": Object {
                    "children": <ForwardRef
                      alt="product"
                      src="blue.jpg"
                    />,
                    "md": 3,
                  },
                  "ref": null,
                  "rendered": Object {
                    "instance": null,
                    "key": undefined,
                    "nodeType": "function",
                    "props": Object {
                      "alt": "product",
                      "src": "blue.jpg",
                    },
                    "ref": null,
                    "rendered": null,
                    "type": Object {
                      "$$typeof": Symbol(react.forward_ref),
                      "attrs": Array [],
                      "componentStyle": ComponentStyle {
                        "componentId": "sc-bwzfXH",
                        "isStatic": true,
                        "rules": Array [
                          "
  height: 15vh;
",
                        ],
                      },
                      "defaultProps": undefined,
                      "displayName": "Styled(Component)",
                      "foldedComponentIds": Array [],
                      "propTypes": undefined,
                      "render": [Function],
                      "styledComponentId": "sc-bwzfXH",
                      "target": Object {
                        "$$typeof": Symbol(react.forward_ref),
                        "defaultProps": undefined,
                        "propTypes": undefined,
                        "render": [Function],
                      },
                      "toString": [Function],
                      "warnTooManyClasses": [Function],
                      "withComponent": [Function],
                    },
                  },
                  "type": Object {
                    "$$typeof": Symbol(react.forward_ref),
                    "defaultProps": undefined,
                    "propTypes": undefined,
                    "render": [Function],
                  },
                },
                Object {
                  "instance": null,
                  "key": undefined,
                  "nodeType": "function",
                  "props": Object {
                    "children": Array [
                      <ForwardRef>
                        Blue Stripe Stoneware Plate
                      </ForwardRef>,
                      <ForwardRef>
                        X 
                      </ForwardRef>,
                      <ForwardRef>
                        Kiriko
                      </ForwardRef>,
                      <ForwardRef>
                        $NaN
                      </ForwardRef>,
                    ],
                    "md": 7,
                  },
                  "ref": null,
                  "rendered": Array [
                    Object {
                      "instance": null,
                      "key": undefined,
                      "nodeType": "function",
                      "props": Object {
                        "children": "Blue Stripe Stoneware Plate",
                      },
                      "ref": null,
                      "rendered": "Blue Stripe Stoneware Plate",
                      "type": Object {
                        "$$typeof": Symbol(react.forward_ref),
                        "attrs": Array [],
                        "componentStyle": ComponentStyle {
                          "componentId": "sc-EHOje",
                          "isStatic": true,
                          "rules": Array [
                            "
  font-size: large;
",
                          ],
                        },
                        "defaultProps": undefined,
                        "displayName": "Styled(Component)",
                        "foldedComponentIds": Array [],
                        "propTypes": undefined,
                        "render": [Function],
                        "styledComponentId": "sc-EHOje",
                        "target": Object {
                          "$$typeof": Symbol(react.forward_ref),
                          "defaultProps": undefined,
                          "propTypes": undefined,
                          "render": [Function],
                        },
                        "toString": [Function],
                        "warnTooManyClasses": [Function],
                        "withComponent": [Function],
                      },
                    },
                    Object {
                      "instance": null,
                      "key": undefined,
                      "nodeType": "function",
                      "props": Object {
                        "children": Array [
                          "X ",
                          undefined,
                        ],
                      },
                      "ref": null,
                      "rendered": Array [
                        "X ",
                        undefined,
                      ],
                      "type": Object {
                        "$$typeof": Symbol(react.forward_ref),
                        "attrs": Array [],
                        "componentStyle": ComponentStyle {
                          "componentId": "sc-EHOje",
                          "isStatic": true,
                          "rules": Array [
                            "
  font-size: large;
",
                          ],
                        },
                        "defaultProps": undefined,
                        "displayName": "Styled(Component)",
                        "foldedComponentIds": Array [],
                        "propTypes": undefined,
                        "render": [Function],
                        "styledComponentId": "sc-EHOje",
                        "target": Object {
                          "$$typeof": Symbol(react.forward_ref),
                          "defaultProps": undefined,
                          "propTypes": undefined,
                          "render": [Function],
                        },
                        "toString": [Function],
                        "warnTooManyClasses": [Function],
                        "withComponent": [Function],
                      },
                    },
                    Object {
                      "instance": null,
                      "key": undefined,
                      "nodeType": "function",
                      "props": Object {
                        "children": "Kiriko",
                      },
                      "ref": null,
                      "rendered": "Kiriko",
                      "type": Object {
                        "$$typeof": Symbol(react.forward_ref),
                        "attrs": Array [],
                        "componentStyle": ComponentStyle {
                          "componentId": "sc-EHOje",
                          "isStatic": true,
                          "rules": Array [
                            "
  font-size: large;
",
                          ],
                        },
                        "defaultProps": undefined,
                        "displayName": "Styled(Component)",
                        "foldedComponentIds": Array [],
                        "propTypes": undefined,
                        "render": [Function],
                        "styledComponentId": "sc-EHOje",
                        "target": Object {
                          "$$typeof": Symbol(react.forward_ref),
                          "defaultProps": undefined,
                          "propTypes": undefined,
                          "render": [Function],
                        },
                        "toString": [Function],
                        "warnTooManyClasses": [Function],
                        "withComponent": [Function],
                      },
                    },
                    Object {
                      "instance": null,
                      "key": undefined,
                      "nodeType": "function",
                      "props": Object {
                        "children": "$NaN",
                      },
                      "ref": null,
                      "rendered": "$NaN",
                      "type": Object {
                        "$$typeof": Symbol(react.forward_ref),
                        "attrs": Array [],
                        "componentStyle": ComponentStyle {
                          "componentId": "sc-EHOje",
                          "isStatic": true,
                          "rules": Array [
                            "
  font-size: large;
",
                          ],
                        },
                        "defaultProps": undefined,
                        "displayName": "Styled(Component)",
                        "foldedComponentIds": Array [],
                        "propTypes": undefined,
                        "render": [Function],
                        "styledComponentId": "sc-EHOje",
                        "target": Object {
                          "$$typeof": Symbol(react.forward_ref),
                          "defaultProps": undefined,
                          "propTypes": undefined,
                          "render": [Function],
                        },
                        "toString": [Function],
                        "warnTooManyClasses": [Function],
                        "withComponent": [Function],
                      },
                    },
                  ],
                  "type": Object {
                    "$$typeof": Symbol(react.forward_ref),
                    "defaultProps": undefined,
                    "propTypes": undefined,
                    "render": [Function],
                  },
                },
                Object {
                  "instance": null,
                  "key": undefined,
                  "nodeType": "function",
                  "props": Object {
                    "children": <ForwardRef
                      onClick={[Function]}
                    >
                      X
                    </ForwardRef>,
                    "md": 1,
                  },
                  "ref": null,
                  "rendered": Object {
                    "instance": null,
                    "key": undefined,
                    "nodeType": "function",
                    "props": Object {
                      "children": "X",
                      "onClick": [Function],
                    },
                    "ref": null,
                    "rendered": "X",
                    "type": Object {
                      "$$typeof": Symbol(react.forward_ref),
                      "attrs": Array [],
                      "componentStyle": ComponentStyle {
                        "componentId": "sc-bxivhb",
                        "isStatic": true,
                        "rules": Array [
                          "
  display: block;
  background-color: #eeeeee;
  color: #8b8b8b;
  margin: 3px;
  border: none;
  font-weight: bold;
  width: 30px;
  cursor: pointer;
",
                        ],
                      },
                      "displayName": "styled.button",
                      "foldedComponentIds": Array [],
                      "render": [Function],
                      "styledComponentId": "sc-bxivhb",
                      "target": "button",
                      "toString": [Function],
                      "warnTooManyClasses": [Function],
                      "withComponent": [Function],
                    },
                  },
                  "type": Object {
                    "$$typeof": Symbol(react.forward_ref),
                    "defaultProps": undefined,
                    "propTypes": undefined,
                    "render": [Function],
                  },
                },
              ],
              "type": Object {
                "$$typeof": Symbol(react.forward_ref),
                "defaultProps": undefined,
                "propTypes": undefined,
                "render": [Function],
              },
            },
            "type": Object {
              "$$typeof": Symbol(react.forward_ref),
              "defaultProps": undefined,
              "propTypes": undefined,
              "render": [Function],
            },
          },
          "type": Object {
            "$$typeof": Symbol(react.forward_ref),
            "attrs": Array [],
            "componentStyle": ComponentStyle {
              "componentId": "sc-bdVaJa",
              "isStatic": true,
              "rules": Array [
                "
  justify-content: center;
  margin-top: 10px;
  min-width: 30rem;
  border-bottom: 1px solid #eeeeee;
",
              ],
            },
            "defaultProps": undefined,
            "displayName": "Styled(Component)",
            "foldedComponentIds": Array [],
            "propTypes": undefined,
            "render": [Function],
            "styledComponentId": "sc-bdVaJa",
            "target": Object {
              "$$typeof": Symbol(react.forward_ref),
              "defaultProps": undefined,
              "propTypes": undefined,
              "render": [Function],
            },
            "toString": [Function],
            "warnTooManyClasses": [Function],
            "withComponent": [Function],
          },
        },
        Object {
          "instance": null,
          "key": undefined,
          "nodeType": "function",
          "props": Object {
            "children": Array [
              <ForwardRef(Bootstrap(Col))
                md={6}
              >
                TOTAL
              </ForwardRef(Bootstrap(Col))>,
              <ForwardRef(Bootstrap(Col))
                md={6}
                style={
                  Object {
                    "textAlign": "right",
                  }
                }
              >
                $NaN
              </ForwardRef(Bootstrap(Col))>,
              <ForwardRef(Bootstrap(Col))
                md={6}
              >
                <ForwardRef
                  type="view"
                >
                  VIEW CART
                </ForwardRef>
              </ForwardRef(Bootstrap(Col))>,
              <ForwardRef(Bootstrap(Col))
                md={6}
              >
                <ForwardRef
                  type="checkout"
                >
                  CHECKOUT
                </ForwardRef>
              </ForwardRef(Bootstrap(Col))>,
            ],
            "style": Object {
              "padding": "4%",
            },
          },
          "ref": null,
          "rendered": Array [
            Object {
              "instance": null,
              "key": undefined,
              "nodeType": "function",
              "props": Object {
                "children": "TOTAL",
                "md": 6,
              },
              "ref": null,
              "rendered": "TOTAL",
              "type": Object {
                "$$typeof": Symbol(react.forward_ref),
                "defaultProps": undefined,
                "propTypes": undefined,
                "render": [Function],
              },
            },
            Object {
              "instance": null,
              "key": undefined,
              "nodeType": "function",
              "props": Object {
                "children": "$NaN",
                "md": 6,
                "style": Object {
                  "textAlign": "right",
                },
              },
              "ref": null,
              "rendered": "$NaN",
              "type": Object {
                "$$typeof": Symbol(react.forward_ref),
                "defaultProps": undefined,
                "propTypes": undefined,
                "render": [Function],
              },
            },
            Object {
              "instance": null,
              "key": undefined,
              "nodeType": "function",
              "props": Object {
                "children": <ForwardRef
                  type="view"
                >
                  VIEW CART
                </ForwardRef>,
                "md": 6,
              },
              "ref": null,
              "rendered": Object {
                "instance": null,
                "key": undefined,
                "nodeType": "function",
                "props": Object {
                  "children": "VIEW CART",
                  "onClick": undefined,
                  "type": "view",
                },
                "ref": null,
                "rendered": "VIEW CART",
                "type": Object {
                  "$$typeof": Symbol(react.forward_ref),
                  "attrs": Array [],
                  "componentStyle": ComponentStyle {
                    "componentId": "sc-ifAKCX",
                    "isStatic": false,
                    "rules": Array [
                      "
  color: ",
                      [Function],
                      ";
  background-color: ",
                      [Function],
                      ";
  padding: 10px;
  font-weight: 500;
  margin: 5px;
  cursor: pointer;
  border: 1px solid;
  width: 100%;
",
                    ],
                  },
                  "displayName": "styled.button",
                  "foldedComponentIds": Array [],
                  "render": [Function],
                  "styledComponentId": "sc-ifAKCX",
                  "target": "button",
                  "toString": [Function],
                  "warnTooManyClasses": [Function],
                  "withComponent": [Function],
                },
              },
              "type": Object {
                "$$typeof": Symbol(react.forward_ref),
                "defaultProps": undefined,
                "propTypes": undefined,
                "render": [Function],
              },
            },
            Object {
              "instance": null,
              "key": undefined,
              "nodeType": "function",
              "props": Object {
                "children": <ForwardRef
                  type="checkout"
                >
                  CHECKOUT
                </ForwardRef>,
                "md": 6,
              },
              "ref": null,
              "rendered": Object {
                "instance": null,
                "key": undefined,
                "nodeType": "function",
                "props": Object {
                  "children": "CHECKOUT",
                  "type": "checkout",
                },
                "ref": null,
                "rendered": "CHECKOUT",
                "type": Object {
                  "$$typeof": Symbol(react.forward_ref),
                  "attrs": Array [],
                  "componentStyle": ComponentStyle {
                    "componentId": "sc-ifAKCX",
                    "isStatic": false,
                    "rules": Array [
                      "
  color: ",
                      [Function],
                      ";
  background-color: ",
                      [Function],
                      ";
  padding: 10px;
  font-weight: 500;
  margin: 5px;
  cursor: pointer;
  border: 1px solid;
  width: 100%;
",
                    ],
                  },
                  "displayName": "styled.button",
                  "foldedComponentIds": Array [],
                  "render": [Function],
                  "styledComponentId": "sc-ifAKCX",
                  "target": "button",
                  "toString": [Function],
                  "warnTooManyClasses": [Function],
                  "withComponent": [Function],
                },
              },
              "type": Object {
                "$$typeof": Symbol(react.forward_ref),
                "defaultProps": undefined,
                "propTypes": undefined,
                "render": [Function],
              },
            },
          ],
          "type": Object {
            "$$typeof": Symbol(react.forward_ref),
            "defaultProps": undefined,
            "propTypes": undefined,
            "render": [Function],
          },
        },
      ],
      "type": Object {
        "$$typeof": Symbol(react.forward_ref),
        "attrs": Array [],
        "componentStyle": ComponentStyle {
          "componentId": "sc-htpNat",
          "isStatic": true,
          "rules": Array [
            "
  height: 300px;
  overflow-y: scroll;
  overflow-x: hidden;
",
          ],
        },
        "displayName": "styled.div",
        "foldedComponentIds": Array [],
        "render": [Function],
        "styledComponentId": "sc-htpNat",
        "target": "div",
        "toString": [Function],
        "warnTooManyClasses": [Function],
        "withComponent": [Function],
      },
    },
  ],
  Symbol(enzyme.__options__): Object {
    "adapter": ReactSixteenAdapter {
      "options": Object {
        "enableComponentDidUpdateOnSetState": true,
        "legacyContextMode": "parent",
        "lifecycles": Object {
          "componentDidUpdate": Object {
            "onSetState": true,
          },
          "getChildContext": Object {
            "calledByRenderer": false,
          },
          "getDerivedStateFromProps": true,
          "getSnapshotBeforeUpdate": true,
          "setState": Object {
            "skipsComponentDidUpdateOnNullish": true,
          },
        },
      },
    },
  },
}
`;
